***** External Functions *****
1    AddFolderIcon                                      isrt.obl(Shell.obs)
2    AdminAskPath                                       isrt.obl(ISRTScriptDialogs.obs)
3    Advapi32.CloseServiceHandle                        Setup.obs
4    Advapi32.ControlService                            Setup.obs
5    Advapi32.OpenSCManagerA                            Setup.obs
6    Advapi32.OpenServiceA                              Setup.obs
7    Advapi32.QueryServiceStatus                        Setup.obs
8    Advapi32.StartServiceA                             Setup.obs
9    AllFeaturesDeselected                              iswi.obl(CompHelperFuncs.obs)
10   AskYesNo                                           isrt.obl(ISRTScriptDialogsPriv.obs)
11   BrowseForFolder                                    Setup.obs
12   CHECK_RETURN                                       iswi.obl(ErrHandler.obs)
13   ChangeDirectory                                    isrt.obl(Files.obs)
14   CharReplace                                        isrt.obl(Str.obs)
15   CloseFile                                          isrt.obl(Files.obs)
16   CmdGetHwndDlg                                      isrt.obl(CustomDialog.obs)
17   CoGetObject                                        isrt.obl(Misc.obs)
18   ComponentErrorInfo                                 isrt.obl(component.obs)
19   ComponentIsItemSelected                            isrt.obl(component.obs)
20   ComponentListItems                                 isrt.obl(component.obs)
21   ComponentRemoveAll                                 isrt.obl(component.obs)
22   ComponentSaveTarget                                isrt.obl(component.obs)
23   ComponentSelectItem                                isrt.obl(component.obs)
24   ComponentTransferData                              isrt.obl(component.obs)
25   ComponentTreeInit                                  isrt.obl(Dialogs.obs)
26   CreateDir                                          isrt.obl(Files.obs)
27   CreateFile                                         isrt.obl(Files.obs)
28   CreateInstallationInfo                             isrt.obl(Registry.obs)
29   CtrlGetCurSel                                      isrt.obl(CustomDialog.obs)
30   CtrlGetDlgItem                                     isrt.obl(CustomDialog.obs)
31   CtrlGetState                                       isrt.obl(CustomDialog.obs)
32   CtrlGetSubCommand                                  isrt.obl(CustomDialog.obs)
33   CtrlGetText                                        isrt.obl(CustomDialog.obs)
34   CtrlSelectText                                     isrt.obl(CustomDialog.obs)
35   CtrlSetCurSel                                      isrt.obl(CustomDialog.obs)
36   CtrlSetFont                                        isrt.obl(CustomDialog.obs)
37   CtrlSetList                                        isrt.obl(CustomDialog.obs)
38   CtrlSetMLEText                                     isrt.obl(CustomDialog.obs)
39   CtrlSetState                                       isrt.obl(CustomDialog.obs)
40   CtrlSetText                                        isrt.obl(CustomDialog.obs)
41   DefineDialog                                       isrt.obl(CustomDialog.obs)
42   Delay                                              isrt.obl(Misc.obs)
43   DeleteCHARArray                                    isrt.obl(Misc.obs)
44   DeleteDir                                          isrt.obl(Files.obs)
45   DeleteFile                                         isrt.obl(Files.obs)
46   DeleteFolderIcon                                   isrt.obl(Shell.obs)
47   DeleteProgramFolder                                isrt.obl(Shell.obs)
48   DeleteSingleFile                                   isrt.obl(Files.obs)
49   DialogSetDefaultFont                               isrt.obl(Dialogs.obs)
50   DialogSetFont                                      isrt.obl(Dialogs.obs)
51   DialogSetInfo                                      isrt.obl(Dialogs.obs)
52   Disable                                            isrt.obl(Enable.obs)
53   DllSizeOf                                          isrt.obl(Str.obs)
54   Do                                                 isrt.obl(Misc.obs)
55   Enable                                             isrt.obl(Enable.obs)
56   EndCurrentDialog                                   isrt.obl(Dialogs.obs)
57   EndDialog                                          isrt.obl(CustomDialog.obs)
58   EnumChildWindows                                   isrt.obl(CustomDialog.obs)
59   ExistsDir                                          isrt.obl(Files.obs)
60   EzDefineDialog                                     isrt.obl(CustomDialog.obs)
61   FeatureErrorInfo                                   iswi.obl(ComponentConv.obs)
62   FeatureFilterLanguage                              iswi.obl(FeatureConv.obs)
63   FeatureFilterOS                                    iswi.obl(FeatureConv.obs)
64   FeatureIsItemSelected                              iswi.obl(ComponentConv.obs)
65   FeatureListItems                                   iswi.obl(ComponentConv.obs)
66   FeatureRemoveAll                                   iswi.obl(ComponentConv.obs)
67   FeatureSaveTarget                                  iswi.obl(FeatureConv.obs)
68   FeatureSelectItem                                  iswi.obl(ComponentConv.obs)
69   FeatureTransferData                                iswi.obl(ComponentConv.obs)
70   FeaturesInstalled                                  iswi.obl(FileTransferFuncsConv.obs)
71   FeaturesInstalling                                 iswi.obl(FileTransferFuncsConv.obs)
72   FileGrep                                           isrt.obl(Files.obs)
73   FileInsertLine                                     isrt.obl(Files.obs)
74   FillLists                                          isrt.obl(ISRTScriptDialogs.obs)
75   FindAllDirs                                        isrt.obl(Files.obs)
76   FindAllFiles                                       isrt.obl(Files.obs)
77   FindFile                                           isrt.obl(Files.obs)
78   FormatMessage                                      isrt.obl(Misc.obs)
79   GDI32.CreateRectRgn                                Setup.obs
80   GDI32.GetDeviceCaps                                Setup.obs
81   GeneratedMSIScript                                 iswi.obl(FileTransferFuncsConv.obs)
82   GeneratingMSIScript                                iswi.obl(FileTransferFuncsConv.obs)
83   GetBasicMSI                                        isrt.obl(SysVars.obs)
84   GetBillboard                                       isrt.obl(SysVars.obs)
85   GetCArrayFromISArray                               isrt.obl(Misc.obs)
86   GetCHARArrayFromISStringArray                      isrt.obl(Misc.obs)
87   GetCompItemList                                    iswi.obl(CompHelperFuncs.obs)
88   GetComponentsFeatures                              iswi.obl(CompHelperFuncs.obs)
89   GetCurrentDialogName                               isrt.obl(Dialogs.obs)
90   GetCurrentDir                                      isrt.obl(Files.obs)
91   GetDialogTitle                                     isrt.obl(Dialogs.obs)
92   GetDir                                             isrt.obl(Str.obs)
93   GetDisk                                            isrt.obl(Str.obs)
94   GetDisk1SetupExeName                               isrt.obl(SysVars.obs)
95   GetDiskSpace                                       isrt.obl(GSI.obs)
96   GetDiskSpaceEx                                     isrt.obl(GSI.obs)
97   GetEnabledIServices                                isrt.obl(SysVars.obs)
98   GetExtents                                         isrt.obl(GSI.obs)
99   GetFolderApplications                              isrt.obl(SysVars.obs)
100  GetFolderApplications64                            isrt.obl(SysVars.obs)
101  GetFolderDotNet10                                  isrt.obl(SysVars.obs)
102  GetFolderDotNet11                                  isrt.obl(SysVars.obs)
103  GetFolderDotNet20                                  isrt.obl(SysVars.obs)
104  GetFolderPrograms                                  isrt.obl(SysVars.obs)
105  GetFont                                            isrt.obl(ui.obs)
106  GetISRes                                           isrt.obl(SysVars.obs)
107  GetInstallScriptMSIEEUI                            isrt.obl(SysVars.obs)
108  GetKeyPathWinCurrVerAuto                           isrt.obl(SysVars.obs)
109  GetMSIFeatureName                                  iswi.obl(CompHelperFuncs.obs)
110  GetMaintenance                                     iswi.obl(ISWiInit.obs)
111  GetMsiFeaturePath                                  iswi.obl(CompHelperFuncs.obs)
112  GetMsiNameFromAliasTable                           iswi.obl(CompHelperFuncs.obs)
113  GetOpenFileMode                                    isrt.obl(Files.obs)
114  GetPackageLocation                                 isrt.obl(SysVars.obs)
115  GetPlatformList                                    iswi.obl(CompHelperFuncs.obs)
116  GetProductGUID                                     iswi.obl(ISWiInit.obs)
117  GetProfSectionKeyCount                             isrt.obl(Profile.obs)
118  GetProfString                                      isrt.obl(Profile.obs)
119  GetProfStringList                                  isrt.obl(Profile.obs)
120  GetProgramFiles                                    isrt.obl(SysVars.obs)
121  GetReinstallMode                                   isrt.obl(SysVars.obs)
122  GetRemoveAllMode                                   isrt.obl(SysVars.obs)
123  GetStandardSelectedLanguage                        isrt.obl(SysVars.obs)
124  GetSupportDir                                      isrt.obl(SysVars.obs)
125  GetSystemInfo                                      isrt.obl(GSI.obs)
126  GetTempFolder                                      isrt.obl(SysVars.obs)
127  GetUserSelectableAuto                              isrt.obl(SysVars.obs)
128  GetValidDrivesList                                 isrt.obl(GSI.obs)
129  GetWinDir                                          isrt.obl(SysVars.obs)
130  GetWinSysDir                                       isrt.obl(SysVars.obs)
131  GetWindowHandle                                    iswi.obl(MiscConv.obs)
132  HIWORD                                             isrt.obl(Misc.obs)
133  ISDeterminePlatform                                isrt.obl(OsInfo.obs)
134  ISMIF32.InstallStatusMIF                           isrt.obl(MIF.obs)
135  ISRT.AddIcon                                       isrt.obl(Shell.obs)
136  ISRT.ComponentViewSetInfoEx                        isrt.obl(Dialogs.obs)
137  ISRT.DeleteFolder                                  isrt.obl(Shell.obs)
138  ISRT.DeleteIcon                                    isrt.obl(Shell.obs)
139  ISRT.EnableHourGlass                               isrt.obl(Enable.obs)
140  ISRT.GetCPUType                                    isrt.obl(GSI.obs)
141  ISRT.GetFontSub                                    isrt.obl(Dialogs.obs)
142  ISRT.GetHandle                                     Setup.obs
143  ISRT.GetPorts                                      isrt.obl(GSI.obs)
144  ISRT.IsEmpty                                       Setup.obs
145  ISRT.IsNTAdmin                                     isrt.obl(Is.obs)
146  ISRT.IsObject                                      Setup.obs
147  ISRT.IsPowerUser                                   isrt.obl(Is.obs)
148  ISRT.LangLoadString                                isrt.obl(SDINT.obs)
149  ISRT.MessageBeepP                                  Setup.obs
150  ISRT.PathCompactPathPixel                          isrt.obl(CustomDialog.obs)
151  ISRT.PathGetDir                                    isrt.obl(Str.obs)
152  ISRT.PathGetDrive                                  isrt.obl(Str.obs)
153  ISRT.PathGetFile                                   isrt.obl(Files.obs)
154  ISRT.PathGetFileExt                                isrt.obl(Str.obs)
155  ISRT.PathGetFileName                               isrt.obl(Str.obs)
156  ISRT.PathGetLongFromShort                          isrt.obl(Str.obs)
157  ISRT.PathGetPath                                   isrt.obl(Str.obs)
158  ISRT.PathIsValidSyntax                             isrt.obl(Is.obs)
159  ISRT.VerGetFileVersion                             Setup.obs
160  ISRT._BrowseForFolder                              isrt.obl(ISRTScriptDialogsPriv.obs)
161  ISRT._CloseFile                                    isrt.obl(Files.obs)
162  ISRT._CmdGetHwndDlg                                isrt.obl(CustomDialog.obs)
163  ISRT._CoGetObject                                  isrt.obl(Misc.obs)
164  ISRT._CompareDWORD                                 isrt.obl(Extend.obs)
165  ISRT._ComponentFilterLanguage                      iswi.obl(FeatureConv.obs)
166  ISRT._ComponentFilterOS                            iswi.obl(FeatureConv.obs)
167  ISRT._ComponentGetTotalCostEx                      iswi.obl(ComponentConv.obs)
168  ISRT._ComponentSaveTarget                          iswi.obl(FeatureConv.obs)
169  ISRT._CreateDir                                    isrt.obl(Files.obs)
170  ISRT._CtrlGetParentWindowHelper                    iswi.obl(MiscConv.obs)
171  ISRT._CtrlGetSubCommand                            isrt.obl(CustomDialog.obs)
172  ISRT._CtrlSetHtmlContent                           isrt.obl(CustomDialog.obs)
173  ISRT._CtrlSetMLERichText                           isrt.obl(CustomDialog.obs)
174  ISRT._DefineDialog                                 isrt.obl(CustomDialog.obs)
175  ISRT._DeleteCHARArray                              isrt.obl(Misc.obs)
176  ISRT._DialogSetFont                                isrt.obl(Dialogs.obs)
177  ISRT._DisableStatus                                isrt.obl(Enable.obs)
178  ISRT._DoSprintf                                    iswi.obl(HelperFuncs.obs)
179  ISRT._EnableDialogCache                            isrt.obl(Enable.obs)
180  ISRT._EnablePrevDialog                             Setup.obs
181  ISRT._EnableSkins                                  isrt.obl(Enable.obs)
182  ISRT._EnableStatus                                 isrt.obl(Enable.obs)
183  ISRT._EnableWow64FsRedirection                     isrt.obl(Enable.obs)
184  ISRT._EndDialog                                    isrt.obl(CustomDialog.obs)
185  ISRT._ExistsDir                                    isrt.obl(Files.obs)
186  ISRT._ExistsFile                                   isrt.obl(Files.obs)
187  ISRT._FileCopy                                     isrt.obl(Files.obs)
188  ISRT._FloatingPointOperation                       iswi.obl(ComponentConv.obs)
189  ISRT._GetCurrentDialogName                         isrt.obl(Dialogs.obs)
190  ISRT._GetDiskSpaceEx                               isrt.obl(GSI.obs)
191  ISRT._GetDiskSpaceExEx                             iswi.obl(ComponentConv.obs)
192  ISRT._GetFont                                      isrt.obl(ui.obs)
193  ISRT._GetGlobalMemorySize                          isrt.obl(GSI.obs)
194  ISRT._GetProcessorInfo                             isrt.obl(OsInfo.obs)
195  ISRT._GetRunningChildProcessEx2                    isrt.obl(Extend.obs)
196  ISRT._GetStandardLangId                            isrt.obl(Misc.obs)
197  ISRT._GetSupportDir                                isrt.obl(SysVars.obs)
198  ISRT._GetVirtualMachineType                        isrt.obl(GSI.obs)
199  ISRT._IsFontTypefaceNameAvailable                  isrt.obl(Is.obs)
200  ISRT._IsInAdminGroup                               isrt.obl(Is.obs)
201  ISRT._IsLangSupported                              isrt.obl(Is.obs)
202  ISRT._IsSkinLoaded                                 isrt.obl(Is.obs)
203  ISRT._IsVirtualMachine                             isrt.obl(OsInfo.obs)
204  ISRT._IsWindowsME                                  isrt.obl(GSI.obs)
205  ISRT._IsWow64                                      isrt.obl(OsInfo.obs)
206  ISRT._ListAddItem                                  isrt.obl(scrlist.obs)
207  ISRT._ListAddString                                isrt.obl(scrlist.obs)
208  ISRT._ListCount                                    isrt.obl(scrlist.obs)
209  ISRT._ListCreate                                   isrt.obl(scrlist.obs)
210  ISRT._ListCurrentString                            isrt.obl(scrlist.obs)
211  ISRT._ListDeleteAll                                isrt.obl(scrlist.obs)
212  ISRT._ListDeleteItem                               isrt.obl(scrlist.obs)
213  ISRT._ListDeleteString                             isrt.obl(scrlist.obs)
214  ISRT._ListDestroy                                  isrt.obl(scrlist.obs)
215  ISRT._ListFindItem                                 isrt.obl(scrlist.obs)
216  ISRT._ListFindString                               isrt.obl(scrlist.obs)
217  ISRT._ListGetFirstItem                             isrt.obl(scrlist.obs)
218  ISRT._ListGetFirstString                           isrt.obl(scrlist.obs)
219  ISRT._ListGetNextItem                              isrt.obl(scrlist.obs)
220  ISRT._ListGetNextString                            isrt.obl(scrlist.obs)
221  ISRT._ListGetType                                  isrt.obl(scrlist.obs)
222  ISRT._ListReadFromFile                             isrt.obl(scrlist.obs)
223  ISRT._ListSetIndex                                 isrt.obl(scrlist.obs)
224  ISRT._ListWriteToFile                              isrt.obl(scrlist.obs)
225  ISRT._MediaGetFilteringInfo                        iswi.obl(FeatureConv.obs)
226  ISRT._MediaGetInfo                                 iswi.obl(FeatureConv.obs)
227  ISRT._OpenFile                                     isrt.obl(Files.obs)
228  ISRT._Preprogram                                   Setup.obs
229  ISRT._PrintFile                                    isrt.obl(Files.obs)
230  ISRT._RegCreateKey                                 isrt.obl(Registry.obs)
231  ISRT._RegEnableTextSubs                            isrt.obl(Enable.obs)
232  ISRT._RegEnum                                      isrt.obl(Registry.obs)
233  ISRT._RegExistsKey                                 isrt.obl(Registry.obs)
234  ISRT._RegGetOptions                                isrt.obl(SysVars.obs)
235  ISRT._RegIsRemoteRegConnected                      isrt.obl(Is.obs)
236  ISRT._RegQueryKeyBinaryValue                       isrt.obl(Registry.obs)
237  ISRT._RegQueryKeyValue                             isrt.obl(Registry.obs)
238  ISRT._RegSetKeyBinaryValue                         isrt.obl(Registry.obs)
239  ISRT._RegSetKeyValue                               isrt.obl(Registry.obs)
240  ISRT._RegSetOptions                                isrt.obl(SysVars.obs)
241  ISRT._ReleaseDialog                                isrt.obl(CustomDialog.obs)
242  ISRT._SdShowMsg                                    isrt.obl(ISRTScriptDialogsPriv.obs)
243  ISRT._SetAltMainImage                              isrt.obl(Dialogs.obs)
244  ISRT._SetDisplayEffect                             isrt.obl(ui.obs)
245  ISRT._SetSilentSdShowMsg                           isrt.obl(Enable.obs)
246  ISRT._SetTitle                                     isrt.obl(ui.obs)
247  ISRT._SetupTraceWrite                              isrt.obl(Misc.obs)
248  ISRT._StatusUpdate                                 isrt.obl(ui.obs)
249  ISRT._WCHARArrayToCHARArray                        isrt.obl(Misc.obs)
250  ISRT._WaitOnDialog                                 isrt.obl(CustomDialog.obs)
251  ISRT._WriteLine                                    isrt.obl(Files.obs)
252  ISRT.__CreateObjectContext                         isrt.obl(ISRTInit.obs)
253  ISRT.__GetCmdLineOptions                           isrt.obl(ISRTInit.obs)
254  ISRT.__GetContextGUID                              isrt.obl(ISRTInit.obs)
255  ISRT.__GetEnabledIServices                         isrt.obl(SysVars.obs)
256  ISRT.__GetFileRegistrar                            isrt.obl(ISRTInit.obs)
257  ISRT.__GetISMSIStringTableObj                      iswi.obl(ISWiInit.obs)
258  ISRT.__GetInfo                                     isrt.obl(ISRTInit.obs)
259  ISRT.__GetInstallGuid                              isrt.obl(SysVars.obs)
260  ISRT.__GetLogDB                                    isrt.obl(ISRTInit.obs)
261  ISRT.__GetMainWindow                               Setup.obs
262  ISRT.__GetMaintOption                              isrt.obl(SysVars.obs)
263  ISRT.__GetMaintenanceMode                          isrt.obl(SysVars.obs)
264  ISRT.__GetObjects                                  isrt.obl(ISRTInit.obs)
265  ISRT.__GetProductGuid                              isrt.obl(SysVars.obs)
266  ISRT.__GetProgress                                 Setup.obs
267  ISRT.__GetReboot                                   isrt.obl(ISRTInit.obs)
268  ISRT.__GetReinstallMode                            isrt.obl(SysVars.obs)
269  ISRT.__GetRemoveAllMode                            isrt.obl(SysVars.obs)
270  ISRT.__GetTextSub                                  isrt.obl(ISRTInit.obs)
271  ISRT.__GetUpdateMode                               isrt.obl(SysVars.obs)
272  ISRT.__PutEnabledIServices                         isrt.obl(Enable.obs)
273  ISRT.__ReleaseObjectContext                        isrt.obl(ISRTInit.obs)
274  ISRT.__RestoreMainLog                              isrt.obl(ISRTInit.obs)
275  ISRT.__RestoreMainLogEx                            isrt.obl(ISRTInit.obs)
276  ISRT.__SetComponentLog                             isrt.obl(ISRTInit.obs)
277  ISRT.__SetUpdateMode                               isrt.obl(SysVars.obs)
278  ISRTHandleScriptException                          isrt.obl(Misc.obs)
279  ISRTPreprogram                                     isrt.obl(Driver.obs)
280  ISSQLSRV.ISSQLQueryDatabases2                      Setup.obs
281  ISSQLSRV.ISSQLServerGetConnectionAuthentication    Setup.obs
282  ISSQLSRV.ISSQLServerGetConnectionInfo              Setup.obs
283  ISSQLSRV.ISSQLServerGetConnections                 Setup.obs
284  ISSQLSRV.ISSQLServerListConv2                      Setup.obs
285  ISSQLSRV.ISSQLServerPutConnectionAuthentication    Setup.obs
286  ISSQLSRV.ISSQLServerPutConnectionInfo              Setup.obs
287  ISSQLSRV.ISSQLServerPutConnectionInfo2             Setup.obs
288  ISSQLSRV.ISSQLServerTestConnection                 Setup.obs
289  ISSQLSRV.ISSQLServerValidate                       Setup.obs
290  ISWIOnAppSearch                                    iswi.obl(DriverConv.obs)
291  ISWIOnCCPSearch                                    iswi.obl(DriverConv.obs)
292  ISWIOnExitInstall                                  iswi.obl(DriverConv.obs)
293  ISWIOnFirstUIAfter                                 iswi.obl(DriverConv.obs)
294  ISWIOnFirstUIBefore                                iswi.obl(DriverConv.obs)
295  ISWIOnInitInstall                                  iswi.obl(DriverConv.obs)
296  ISWIOnMaintUIAfter                                 iswi.obl(DriverConv.obs)
297  ISWIOnMaintUIBefore                                iswi.obl(DriverConv.obs)
298  ISWIOnMoveData                                     iswi.obl(DriverConv.obs)
299  ISWIOnMoveDataPostInstall                          iswi.obl(DriverConv.obs)
300  ISWIOnMoveDataPreInstall                           iswi.obl(DriverConv.obs)
301  ISWIOnResumeUIAfter                                iswi.obl(DriverConv.obs)
302  ISWIOnResumeUIBefore                               iswi.obl(DriverConv.obs)
303  ISWIPostprogram                                    iswi.obl(DriverConv.obs)
304  ISWIPreprogram                                     iswi.obl(DriverConv.obs)
305  InstallFilesActionAfter                            iswi.obl(FileTransferFuncsConv.obs)
306  InstallFilesActionBefore                           iswi.obl(FileTransferFuncsConv.obs)
307  Is                                                 isrt.obl(Is.obs)
308  IsComponentFiltered                                iswi.obl(CompHelperFuncs.obs)
309  IsTestSetup                                        iswi.obl(HelperFuncs.obs)
310  IsValidDrive                                       Setup.obs
311  KERNEL.GetModuleHandle                             Setup.obs
312  KERNEL.WriteFile                                   iswi.obl(HelperFuncs.obs)
313  KERNEL32.CloseHandle                               Setup.obs
314  KERNEL32.CreateFileA                               Setup.obs
315  KERNEL32.CreateProcess                             Setup.obs
316  KERNEL32.DeleteFileA                               Setup.obs
317  KERNEL32.FileTimeToLocalFileTime                   Setup.obs
318  KERNEL32.FileTimeToSystemTime                      Setup.obs
319  KERNEL32.FindClose                                 Setup.obs
320  KERNEL32.FindFirstFileA                            Setup.obs
321  KERNEL32.FindNextFileA                             Setup.obs
322  KERNEL32.FormatMessageA                            Setup.obs
323  KERNEL32.FreeLibrary                               Setup.obs
324  KERNEL32.GetCurrentDirectoryA                      Setup.obs
325  KERNEL32.GetDriveType                              Setup.obs
326  KERNEL32.GetExitCodeProcess                        Setup.obs
327  KERNEL32.GetFileAttributesA                        Setup.obs
328  KERNEL32.GetFileTime                               Setup.obs
329  KERNEL32.GetLocalTime                              Setup.obs
330  KERNEL32.GetLocaleInfo                             Setup.obs
331  KERNEL32.GetPrivateProfileSectionA                 Setup.obs
332  KERNEL32.GetPrivateProfileString                   Setup.obs
333  KERNEL32.GetPrivateProfileStringA                  Setup.obs
334  KERNEL32.GetProcAddress                            Setup.obs
335  KERNEL32.GetProcessId                              Setup.obs
336  KERNEL32.GetProfileStringA                         Setup.obs
337  KERNEL32.GetSystemDefaultLCID                      Setup.obs
338  KERNEL32.GetSystemDefaultLangID                    Setup.obs
339  KERNEL32.GetSystemDefaultUILanguage                Setup.obs
340  KERNEL32.GetTickCount                              Setup.obs
341  KERNEL32.GetUserDefaultLangID                      Setup.obs
342  KERNEL32.GetVersion                                Setup.obs
343  KERNEL32.GetVersionEx                              Setup.obs
344  KERNEL32.GetVolumeInformation                      Setup.obs
345  KERNEL32.GetWindowsDirectory                       Setup.obs
346  KERNEL32.GetWindowsDirectoryA                      Setup.obs
347  KERNEL32.LoadLibraryA                              Setup.obs
348  KERNEL32.LocalFileTimeToFileTime                   Setup.obs
349  KERNEL32.RemoveDirectoryA                          Setup.obs
350  KERNEL32.SetCurrentDirectoryA                      Setup.obs
351  KERNEL32.SetFileAttributesA                        Setup.obs
352  KERNEL32.SetFileTime                               Setup.obs
353  KERNEL32.Sleep                                     Setup.obs
354  KERNEL32.SystemTimeToFileTime                      Setup.obs
355  KERNEL32.WritePrivateProfileString                 Setup.obs
356  KERNEL32.lstrlen                                   Setup.obs
357  Kernel32.GetModuleHandleA                          iswi.obl(ComponentConv.obs)
358  LOWORD                                             isrt.obl(Misc.obs)
359  LaunchAppAndWait                                   isrt.obl(Extend.obs)
360  LaunchAppAndWaitInitStartupInfo                    isrt.obl(Extend.obs)
361  LaunchApplication                                  isrt.obl(Extend.obs)
362  LaunchApplicationInit                              isrt.obl(Extend.obs)
363  ListAddItem                                        isrt.obl(scrlist.obs)
364  ListAddString                                      isrt.obl(scrlist.obs)
365  ListAppendToArray                                  isrt.obl(scrlist.obs)
366  ListConvertStrToNum                                isrt.obl(scrlist.obs)
367  ListCount                                          isrt.obl(scrlist.obs)
368  ListCreate                                         isrt.obl(scrlist.obs)
369  ListCurrentString                                  isrt.obl(scrlist.obs)
370  ListDeleteAll                                      isrt.obl(scrlist.obs)
371  ListDeleteItem                                     isrt.obl(scrlist.obs)
372  ListDeleteString                                   isrt.obl(scrlist.obs)
373  ListDestroy                                        isrt.obl(scrlist.obs)
374  ListFindItem                                       isrt.obl(scrlist.obs)
375  ListFindString                                     isrt.obl(scrlist.obs)
376  ListGetFirstItem                                   isrt.obl(scrlist.obs)
377  ListGetFirstString                                 isrt.obl(scrlist.obs)
378  ListGetLastString                                  iswi.obl(CompHelperFuncs.obs)
379  ListGetNextItem                                    isrt.obl(scrlist.obs)
380  ListGetNextString                                  isrt.obl(scrlist.obs)
381  ListGetType                                        isrt.obl(scrlist.obs)
382  ListReadFromFile                                   isrt.obl(scrlist.obs)
383  ListSetIndex                                       isrt.obl(scrlist.obs)
384  ListValid                                          isrt.obl(scrlist.obs)
385  ListValidType                                      isrt.obl(scrlist.obs)
386  ListWriteToFile                                    isrt.obl(scrlist.obs)
387  ListWriteToFileEx                                  isrt.obl(scrlist.obs)
388  LoadStringFromStringTable                          iswi.obl(ISWiInit.obs)
389  LongPathFromShortPath                              isrt.obl(Str.obs)
390  LongPathToQuote                                    isrt.obl(Str.obs)
391  MAKELONG                                           isrt.obl(Misc.obs)
392  MIFCreateMIFFile                                   isrt.obl(MIF.obs)
393  MIFDeleteMIFFile                                   isrt.obl(MIF.obs)
394  MIFInitialize                                      isrt.obl(MIF.obs)
395  MIFSetInformation                                  isrt.obl(MIF.obs)
396  MIFUnInitialize                                    isrt.obl(MIF.obs)
397  MIFWasSetInformationCalled                         isrt.obl(MIF.obs)
398  MediaGetDataEx                                     iswi.obl(FeatureConv.obs)
399  MessageBeep                                        isrt.obl(Misc.obs)
400  MessageBox                                         isrt.obl(ISRTScriptDialogsPriv.obs)
401  MessageBoxEx                                       isrt.obl(ISRTScriptDialogsPriv.obs)
402  Moved                                              iswi.obl(FileTransferFuncsConv.obs)
403  Moving                                             iswi.obl(FileTransferFuncsConv.obs)
404  MsiCloseHandle                                     iswi.obl(MsiFuncsConv.obs)
405  MsiCreateRecord                                    iswi.obl(MsiFuncsConv.obs)
406  MsiDatabaseOpenView                                iswi.obl(MsiFuncsConv.obs)
407  MsiDoAction                                        iswi.obl(MsiFuncsConv.obs)
408  MsiGetActiveDatabase                               iswi.obl(MsiFuncsConv.obs)
409  MsiGetMode                                         iswi.obl(MsiFuncsConv.obs)
410  MsiGetProperty                                     iswi.obl(MsiFuncsConv.obs)
411  MsiGetPropertyIS                                   iswi.obl(MsiFuncsConv.obs)
412  MsiGetSourcePath                                   iswi.obl(MsiFuncsConv.obs)
413  MsiGetTargetPath                                   iswi.obl(MsiFuncsConv.obs)
414  MsiInstallProduct                                  iswi.obl(MsiFuncsConv.obs)
415  MsiProcessMessage                                  iswi.obl(MsiFuncsConv.obs)
416  MsiQueryFeatureState                               iswi.obl(MsiFuncsConv.obs)
417  MsiRecordGetInteger                                iswi.obl(MsiFuncsConv.obs)
418  MsiRecordGetString                                 iswi.obl(MsiFuncsConv.obs)
419  MsiRecordReadStream                                iswi.obl(MsiFuncsConv.obs)
420  MsiRecordSetString                                 iswi.obl(MsiFuncsConv.obs)
421  MsiSetProperty                                     iswi.obl(MsiFuncsConv.obs)
422  MsiSetTargetPath                                   iswi.obl(MsiFuncsConv.obs)
423  MsiViewClose                                       iswi.obl(MsiFuncsConv.obs)
424  MsiViewExecute                                     iswi.obl(MsiFuncsConv.obs)
425  MsiViewFetch                                       iswi.obl(MsiFuncsConv.obs)
426  OnAbort                                            iswi.obl(DriverConv.obs)
427  OnAction                                           iswi.obl(ISWiInit.obs)
428  OnAdminInstallUIAfter                              iswi.obl(DriverConv.obs)
429  OnAdminInstallUIBefore                             iswi.obl(DriverConv.obs)
430  OnAdminPatchUIAfter                                iswi.obl(DriverConv.obs)
431  OnAdminPatchUIBefore                               iswi.obl(DriverConv.obs)
432  OnAdvertisementAfter                               iswi.obl(DriverConv.obs)
433  OnAdvertisementBefore                              iswi.obl(DriverConv.obs)
434  OnAppSearch                                        iswi.obl(DriverConv.obs)
435  OnBegin                                            Setup.obs
436  OnCCPSearch                                        iswi.obl(DriverConv.obs)
437  OnCanceling                                        iswi.obl(DriverConv.obs)
438  OnComponentError                                   iswi.obl(DriverConv.obs)
439  OnDIFxLogCallback                                  isrt.obl(ISDIFx.obs)
440  OnDIFxLogCallbackImpl                              isrt.obl(ISDIFx.obs)
441  OnEnd                                              iswi.obl(DriverConv.obs)
442  OnError                                            iswi.obl(DriverConv.obs)
443  OnException                                        iswi.obl(DriverConv.obs)
444  OnFeaturesInstalled                                iswi.obl(FileTransferFuncsConv.obs)
445  OnFeaturesInstalling                               iswi.obl(FileTransferFuncsConv.obs)
446  OnFileError                                        iswi.obl(Exceptions.obs)
447  OnFileLocked                                       iswi.obl(Exceptions.obs)
448  OnFileReadOnly                                     iswi.obl(Exceptions.obs)
449  OnFilesInUse                                       iswi.obl(DriverConv.obs)
450  OnFilterComponents                                 iswi.obl(DriverConv.obs)
451  OnFirstUIAfter                                     Setup.obs
452  OnFirstUIBefore                                    Setup.obs
453  OnGeneratedMSIScript                               iswi.obl(DriverConv.obs)
454  OnGeneratingMSIScript                              iswi.obl(DriverConv.obs)
455  OnHelp                                             iswi.obl(DriverConv.obs)
456  OnInstallFilesActionAfter                          Setup.obs
457  OnInstallFilesActionBefore                         Setup.obs
458  OnInternetError                                    iswi.obl(Exceptions.obs)
459  OnLaunchAppAndWaitCallback                         iswi.obl(DriverConv.obs)
460  OnLogonUserSetMsiProperties                        iswi.obl(DriverConv.obs)
461  OnMD5Error                                         iswi.obl(Exceptions.obs)
462  OnMaintUIAfter                                     Setup.obs
463  OnMaintUIBefore                                    Setup.obs
464  OnMaintenance                                      iswi.obl(DriverConv.obs)
465  OnMoved                                            Setup.obs
466  OnMoving                                           Setup.obs
467  OnMsiSilentInstall                                 iswi.obl(DriverConv.obs)
468  OnNetApiCreateUserAccountInternal                  isrt.obl(NetApiRT.obs)
469  OnNextDisk                                         iswi.obl(Exceptions.obs)
470  OnOutOfDiskSpace                                   iswi.obl(DriverConv.obs)
471  OnPatchUIAfter                                     iswi.obl(DriverConv.obs)
472  OnPatchUIBefore                                    iswi.obl(DriverConv.obs)
473  OnRMFilesInUse                                     iswi.obl(DriverConv.obs)
474  OnRebooted                                         iswi.obl(DriverConv.obs)
475  OnRemovingSharedFile                               iswi.obl(Exceptions.obs)
476  OnResume                                           iswi.obl(DriverConv.obs)
477  OnResumeUIAfter                                    iswi.obl(DriverConv.obs)
478  OnResumeUIBefore                                   iswi.obl(DriverConv.obs)
479  OnSQLLogin                                         Setup.obs
480  OnSelfRegistrationError                            iswi.obl(Exceptions.obs)
481  OnUnhandledException                               iswi.obl(DriverConv.obs)
482  OnUninstall                                        iswi.obl(DriverConv.obs)
483  OnUpdateService                                    iswi.obl(DriverConv.obs)
484  OnWarning                                          iswi.obl(DriverConv.obs)
485  OpenFile                                           isrt.obl(Files.obs)
486  OpenFileMode                                       isrt.obl(Files.obs)
487  ParsePath                                          isrt.obl(Str.obs)
488  PopulateColumnHeaders                              isrt.obl(ISRTScriptDialogs.obs)
489  PopulateListView                                   isrt.obl(ISRTScriptDialogs.obs)
490  PostShowComponentDlg                               iswi.obl(ISWiInit.obs)
491  Postprogram                                        iswi.obl(DriverConv.obs)
492  PreShowComponentDlg                                iswi.obl(ISWiInit.obs)
493  Preprogram                                         iswi.obl(DriverConv.obs)
494  PrintFile                                          isrt.obl(Files.obs)
495  ProgGetGroupType                                   isrt.obl(Shell.obs)
496  ProgramEeuiPostInstall                             iswi.obl(DriverConv.obs)
497  ProgramEeuiPreInstall                              iswi.obl(DriverConv.obs)
498  PthFixPath                                         isrt.obl(Pth.obs)
499  PthIsAbsPath                                       isrt.obl(Pth.obs)
500  PthIsRoot                                          isrt.obl(Pth.obs)
501  RebootNeeded                                       iswi.obl(FileTransferFuncsConv.obs)
502  RedirectMsiCloseHandle                             iswi.obl(RedirectedMsiFuncsConv.obs)
503  RedirectMsiCreateRecord                            iswi.obl(RedirectedMsiFuncsConv.obs)
504  RedirectMsiGetActiveDatabase                       iswi.obl(RedirectedMsiFuncsConv.obs)
505  RedirectMsiGetMode                                 iswi.obl(RedirectedMsiFuncsConv.obs)
506  RedirectMsiProcessMessage                          iswi.obl(RedirectedMsiFuncsConv.obs)
507  RedirectMsiRecordGetInteger                        iswi.obl(RedirectedMsiFuncsConv.obs)
508  RedirectMsiRecordReadStream                        iswi.obl(RedirectedMsiFuncsConv.obs)
509  RedirectMsiViewClose                               iswi.obl(RedirectedMsiFuncsConv.obs)
510  RedirectMsiViewExecute                             iswi.obl(RedirectedMsiFuncsConv.obs)
511  RedirectMsiViewFetch                               iswi.obl(RedirectedMsiFuncsConv.obs)
512  RegDBGetDefaultRoot                                isrt.obl(SysVars.obs)
513  RegDBGetItem                                       isrt.obl(Registry.obs)
514  RegDBGetKeyValueEx                                 isrt.obl(Registry.obs)
515  RegDBKeyExist                                      isrt.obl(Registry.obs)
516  RegDBQueryKey                                      isrt.obl(Registry.obs)
517  RegDBQueryKeyCount                                 isrt.obl(Registry.obs)
518  RegDBQueryStringMultiStringCount                   isrt.obl(Registry.obs)
519  RegDBQueryValue                                    isrt.obl(Registry.obs)
520  RegDBQueryValue32                                  isrt.obl(Registry.obs)
521  RegDBSetDefaultRoot                                isrt.obl(SysVars.obs)
522  RegDBSetKeyValueEx                                 isrt.obl(Registry.obs)
523  RegDBSetValue                                      isrt.obl(Registry.obs)
524  ReleaseDialog                                      isrt.obl(CustomDialog.obs)
525  RemoveSpaces                                       iswi.obl(HelperFuncs.obs)
526  ResolveShellObjectsFolder                          iswi.obl(CompHelperFuncs.obs)
527  SQLBrowse2                                         SQLCONV.obl(SQLBrowse.obs)
528  SQLDatabaseBrowse                                  SQLCONV.obl(SQLBrowse.obs)
529  SQLRTGetConnectionAuthentication                   SQLCONV.obl(SQLConv.obs)
530  SQLRTGetConnectionInfo                             SQLCONV.obl(SQLConv.obs)
531  SQLRTGetConnections                                SQLCONV.obl(SQLConv.obs)
532  SQLRTGetDatabases                                  SQLCONV.obl(SQLConv.obs)
533  SQLRTGetServers                                    SQLCONV.obl(SQLConv.obs)
534  SQLRTGetServers2                                   SQLCONV.obl(SQLConv.obs)
535  SQLRTInitialize2                                   SQLCONV.obl(SQLConv.obs)
536  SQLRTPutConnectionAuthentication                   SQLCONV.obl(SQLConv.obs)
537  SQLRTPutConnectionInfo                             SQLCONV.obl(SQLConv.obs)
538  SQLRTPutConnectionInfo2                            SQLCONV.obl(SQLConv.obs)
539  SQLRTServerValidate                                SQLCONV.obl(SQLConv.obs)
540  SQLRTTestConnection                                SQLCONV.obl(SQLConv.obs)
541  SQLRTTestConnection2                               SQLCONV.obl(SQLConv.obs)
542  SQLServerSelectLogin2                              Setup.obs
543  STRTOCHAR                                          isrt.obl(Str.obs)
544  SdAskDestPath                                      Setup.obs
545  SdCloseDlg                                         isrt.obl(SDINT.obs)
546  SdCustomerInformation                              Setup.obs
547  SdDiskSpace2                                       isrt.obl(ISRTScriptDialogs.obs)
548  SdDlgToTop                                         isrt.obl(SDINT.obs)
549  SdDoStdButton                                      isrt.obl(SDINT.obs)
550  SdEnablement                                       isrt.obl(SDINT.obs)
551  SdError                                            isrt.obl(SDINT.obs)
552  SdFilesInUse                                       isrt.obl(ISRTScriptDialogs.obs)
553  SdFinish                                           isrt.obl(ISRTScriptDialogs.obs)
554  SdFinishEx                                         isrt.obl(ISRTScriptDialogs.obs)
555  SdFinishReboot                                     isrt.obl(ISRTScriptDialogs.obs)
556  SdGeneralInit                                      isrt.obl(SDINT.obs)
557  SdInit                                             isrt.obl(SDINT.obs)
558  SdIsStdButton                                      isrt.obl(SDINT.obs)
559  SdLicense2                                         isrt.obl(ISRTScriptDialogs.obs)
560  SdLicense2Ex                                       isrt.obl(ISRTScriptDialogs.obs)
561  SdLoadString                                       isrt.obl(SDINT.obs)
562  SdMakeName                                         isrt.obl(SDINT.obs)
563  SdPatchWelcome                                     isrt.obl(ISRTScriptDialogs.obs)
564  SdPlugInProductName                                isrt.obl(SDINT.obs)
565  SdRMFilesInUse                                     isrt.obl(ISRTScriptDialogs.obs)
566  SdSetDlgTitle                                      isrt.obl(SDINT.obs)
567  SdSetStatic                                        isrt.obl(SDINT.obs)
568  SdSetupCompleteError                               isrt.obl(ISRTScriptDialogs.obs)
569  SdShowMsg                                          isrt.obl(ISRTScriptDialogsPriv.obs)
570  SdStartCopy                                        isrt.obl(ISRTScriptDialogs.obs)
571  SdSubstituteProductInfo                            isrt.obl(SDINT.obs)
572  SdUnInit                                           isrt.obl(SDINT.obs)
573  SdWelcome                                          isrt.obl(ISRTScriptDialogs.obs)
574  SelectDir                                          isrt.obl(ISRTScriptDialogsPriv.obs)
575  SelectDirNoLog                                     isrt.obl(ISRTScriptDialogsPriv.obs)
576  SendMessage                                        isrt.obl(Misc.obs)
577  ServiceExistsService                               isrt.obl(Service.obs)
578  ServiceGetServiceState                             isrt.obl(Service.obs)
579  ServiceInitParams                                  isrt.obl(Service.obs)
580  ServiceStartService                                isrt.obl(Service.obs)
581  ServiceStopService                                 isrt.obl(Service.obs)
582  SetCmdLine                                         isrt.obl(SysVars.obs)
583  SetDialogTitle                                     isrt.obl(Dialogs.obs)
584  SetDisplayEffect                                   isrt.obl(ui.obs)
585  SetExtendedErrInfo                                 isrt.obl(IsUtil.obs)
586  SetFileInfo                                        isrt.obl(Files.obs)
587  SetFilesNormal                                     Setup.obs
588  SetGlobalVars                                      iswi.obl(ISWiInit.obs)
589  SetInstallationInfo                                isrt.obl(Registry.obs)
590  SetMifInformationOnly                              isrt.obl(Registry.obs)
591  SetStatusExStaticText                              isrt.obl(ui.obs)
592  SetStatusWindow                                    isrt.obl(ui.obs)
593  SetTitle                                           isrt.obl(ui.obs)
594  SetupTraceWrite                                    isrt.obl(Misc.obs)
595  Shell32.ShellExecuteA                              Setup.obs
596  Shell32.ShellExecuteEx                             Setup.obs
597  SilentDoGeneralInfo                                isrt.obl(Silent.obs)
598  SilentFailed                                       isrt.obl(Silent.obs)
599  SilentFinish                                       isrt.obl(Silent.obs)
600  SilentInit                                         isrt.obl(Silent.obs)
601  SilentReadData                                     isrt.obl(Silent.obs)
602  SilentSetInfo                                      isrt.obl(Silent.obs)
603  SilentSetMode                                      isrt.obl(Silent.obs)
604  SilentWriteData                                    isrt.obl(Silent.obs)
605  Sprintf                                            isrt.obl(Str.obs)
606  SprintfBox                                         isrt.obl(ISRTScriptDialogsPriv.obs)
607  SprintfMsiLog                                      iswi.obl(HelperFuncs.obs)
608  StatusUpdate                                       isrt.obl(ui.obs)
609  StrAddLastSlash                                    isrt.obl(Str.obs)
610  StrConvertSizeUnit                                 isrt.obl(Str.obs)
611  StrDelete                                          iswi.obl(HelperFuncs.obs)
612  StrFindEx                                          isrt.obl(Str.obs)
613  StrGetTokens                                       isrt.obl(Str.obs)
614  StrLength                                          isrt.obl(Str.obs)
615  StrParseMSIMessage                                 isrt.obl(Str.obs)
616  StrRemoveLastSlash                                 isrt.obl(Str.obs)
617  StrReplace                                         isrt.obl(Str.obs)
618  StrToNumHex                                        isrt.obl(Str.obs)
619  StrToUpper                                         isrt.obl(Str.obs)
620  StrTrim                                            isrt.obl(Str.obs)
621  StreamFileFromBinary                               iswi.obl(HelperFuncs.obs)
622  SysVarsInit                                        isrt.obl(SysVars.obs)
623  SysVarsInitConv                                    iswi.obl(SysVarsConv.obs)
624  SysVarsTrace                                       isrt.obl(SysVars.obs)
625  SysVarsUnInit                                      iswi.obl(SysVarsConv.obs)
626  System                                             isrt.obl(Misc.obs)
627  SystemRestoreCancelRestorePointIS                  isrt.obl(PCRestore.obs)
628  SystemRestoreCloseRestorePointIS                   isrt.obl(PCRestore.obs)
629  SystemRestoreDisableIS                             isrt.obl(PCRestore.obs)
630  SystemRestoreIsEnabledIS                           isrt.obl(PCRestore.obs)
631  SystemRestoreOpenRestorePointIS                    isrt.obl(PCRestore.obs)
632  TextSubGetValue                                    isrt.obl(TextSub.obs)
633  TextSubParseTextSub                                isrt.obl(TextSub.obs)
634  TextSubSetValue                                    isrt.obl(TextSub.obs)
635  USER.EnableWindow                                  Setup.obs
636  USER.GetClassName                                  Setup.obs
637  USER.GetDC                                         Setup.obs
638  USER.GetDlgItem                                    Setup.obs
639  USER.GetFocus                                      Setup.obs
640  USER.GetWindowLong                                 Setup.obs
641  USER.GetWindowRect                                 Setup.obs
642  USER.IsIconic                                      Setup.obs
643  USER.IsWindow                                      Setup.obs
644  USER.ReleaseDC                                     Setup.obs
645  USER.SendMessageA                                  Setup.obs
646  USER.SetFocus                                      Setup.obs
647  USER.SetWindowPos                                  Setup.obs
648  USER.SetWindowText                                 Setup.obs
649  USER.ShowWindow                                    Setup.obs
650  USER32.CharUpperBuffA                              Setup.obs
651  USER32.DestroyWindow                               Setup.obs
652  USER32.DispatchMessage                             Setup.obs
653  USER32.GetDesktopWindow                            Setup.obs
654  USER32.GetSystemMetrics                            Setup.obs
655  USER32.GetWindow                                   Setup.obs
656  USER32.GetWindowText                               Setup.obs
657  USER32.GetWindowTextLength                         Setup.obs
658  USER32.IsWindowVisible                             Setup.obs
659  USER32.MessageBoxA                                 Setup.obs
660  USER32.MsgWaitForMultipleObjects                   Setup.obs
661  USER32.PeekMessageA                                Setup.obs
662  USER32.SendMessageA                                Setup.obs
663  USER32.SetForegroundWindow                         Setup.obs
664  USER32.SetWindowLong                               Setup.obs
665  USER32.SetWindowRgn                                Setup.obs
666  USER32.TranslateMessage                            Setup.obs
667  USER32.WaitForInputIdle                            Setup.obs
668  UpdateDirectoryPathForIsMsiEeui                    iswi.obl(HelperFuncs.obs)
669  UpdateServiceEnableUpdateService                   isrt.obl(ISUpdateService.obs)
670  User32.LoadStringA                                 iswi.obl(ComponentConv.obs)
671  VarInit                                            isrt.obl(SysVars.obs)
672  VarRestore                                         iswi.obl(SysVarsConv.obs)
673  VarRestoreISRT                                     isrt.obl(SysVars.obs)
674  VarSave                                            iswi.obl(SysVarsConv.obs)
675  VarSaveISRT                                        isrt.obl(SysVars.obs)
676  VerCompare                                         isrt.obl(version.obs)
677  VerProductGetInstalledVersion                      isrt.obl(version.obs)
678  VerProductNumToStr                                 isrt.obl(version.obs)
679  VerProductVerPartsFromVer                          isrt.obl(version.obs)
680  WaitForApplication                                 isrt.obl(Extend.obs)
681  WaitOnDialog                                       isrt.obl(CustomDialog.obs)
682  WriteLine                                          isrt.obl(Files.obs)
683  XCopyFile                                          isrt.obl(Files.obs)
684  __AddStringToArray                                 iswi.obl(HelperFuncs.obs)
685  __Begin                                            iswi.obl(DriverConv.obs)
686  __ComponentListItemsEx                             iswi.obl(CompHelperFuncs.obs)
687  __ComponentListItemsExInstall                      iswi.obl(CompHelperFuncs.obs)
688  __ComponentListItemsExUnInstall                    iswi.obl(CompHelperFuncs.obs)
689  __ComponentMoveXferData                            iswi.obl(CompHelperFuncs.obs)
690  __End                                              iswi.obl(DriverConv.obs)
691  __GetDesktopFolder                                 iswi.obl(SysVarsConv.obs)
692  __GetFinishMode                                    iswi.obl(ISWiInit.obs)
693  __GetMsiHandle                                     iswi.obl(SysVarsConv.obs)
694  __GetProgramFilesFolder                            iswi.obl(SysVarsConv.obs)
695  __GetSourceDir                                     iswi.obl(SysVarsConv.obs)
696  __GetSystemFolder                                  iswi.obl(SysVarsConv.obs)
697  __GetWindowsFolder                                 iswi.obl(SysVarsConv.obs)
698  __HandleError                                      iswi.obl(ErrHandler.obs)
699  __ISRTDoExit                                       isrt.obl(Misc.obs)
700  __ISRTInit                                         isrt.obl(ISRTInit.obs)
701  __ISRTRestoreMainLog                               isrt.obl(ISRTInit.obs)
702  __ISRTRestoreMainLogEx                             isrt.obl(ISRTInit.obs)
703  __ISRTSetComponentLog                              isrt.obl(ISRTInit.obs)
704  __ISRTUnInit                                       isrt.obl(ISRTInit.obs)
705  __ISWIInit                                         iswi.obl(ISWiInit.obs)
706  __ISWIMsiHandle                                    iswi.obl(ISWiInit.obs)
707  __ISWIUnInit                                       iswi.obl(ISWiInit.obs)
708  __IsArrayEmpty                                     iswi.obl(HelperFuncs.obs)
709  __LoadIScriptString                                isrt.obl(LoadStr.obs)
710  __Moved                                            iswi.obl(FileTransferFuncsConv.obs)
711  __Moving                                           iswi.obl(FileTransferFuncsConv.obs)
712  __MsiOpenView                                      iswi.obl(CompHelperFuncs.obs)
713  __MsiQueryFeatureState                             iswi.obl(MsiWrappersConv.obs)
714  __MsiRecordGetString                               iswi.obl(MsiWrappersConv.obs)
715  __OnAbort                                          iswi.obl(DriverConv.obs)
716  __OnAdminPatch                                     iswi.obl(DriverConv.obs)
717  __OnAdministrativeInstall                          iswi.obl(DriverConv.obs)
718  __OnAdvertisement                                  iswi.obl(DriverConv.obs)
719  __OnBegin                                          iswi.obl(DriverConv.obs)
720  __OnCanceling                                      iswi.obl(DriverConv.obs)
721  __OnEnd                                            iswi.obl(DriverConv.obs)
722  __OnError                                          iswi.obl(DriverConv.obs)
723  __OnMsiMaintenance                                 iswi.obl(DriverConv.obs)
724  __OnMsiRebooted                                    iswi.obl(DriverConv.obs)
725  __OnMsiSilentInstall                               iswi.obl(DriverConv.obs)
726  __OnMsiUninstall                                   iswi.obl(DriverConv.obs)
727  __OnPatch                                          iswi.obl(DriverConv.obs)
728  __OnResume                                         iswi.obl(DriverConv.obs)
729  __OnWarning                                        iswi.obl(DriverConv.obs)
730  __ResetMsiObject                                   iswi.obl(ISWiInit.obs)
731  __SetMaintenance                                   iswi.obl(ISWiInit.obs)
732  __SetMsiHandle                                     iswi.obl(SysVarsConv.obs)
733  __SetMsiServer                                     iswi.obl(ISWiInit.obs)
734  __SetPatch                                         iswi.obl(SysVarsConv.obs)
735  __SetSourceDir                                     iswi.obl(SysVarsConv.obs)
736  advapi32.DeregisterEventSource                     Setup.obs
737  advapi32.RegisterEventSourceA                      Setup.obs
738  advapi32.ReportEventA                              Setup.obs
739  isrt._ComponentIsItemSelected                      iswi.obl(ComponentConv.obs)
740  isrt._ComponentListItems                           iswi.obl(ComponentConv.obs)
741  isrt._ComponentRemoveAll                           iswi.obl(ComponentConv.obs)
742  isrt._ComponentSelectItem                          iswi.obl(ComponentConv.obs)
743  isrt._EnableDialogCache                            iswi.obl(ISWiInit.obs)
744  kernel32.OutputDebugString                         Setup.obs
745  logMessage                                         Setup.obs
746  msi.MsiCloseHandle                                 iswi.obl(RedirectedMsiFuncsConv.obs)
747  msi.MsiCreateRecord                                iswi.obl(RedirectedMsiFuncsConv.obs)
748  msi.MsiDatabaseOpenViewA                           Setup.obs
749  msi.MsiDoActionA                                   Setup.obs
750  msi.MsiGetActiveDatabase                           iswi.obl(RedirectedMsiFuncsConv.obs)
751  msi.MsiGetMode                                     iswi.obl(RedirectedMsiFuncsConv.obs)
752  msi.MsiGetProductInfoA                             Setup.obs
753  msi.MsiGetPropertyA                                Setup.obs
754  msi.MsiGetSourcePathA                              Setup.obs
755  msi.MsiGetTargetPathA                              Setup.obs
756  msi.MsiProcessMessage                              iswi.obl(RedirectedMsiFuncsConv.obs)
757  msi.MsiQueryFeatureStateA                          Setup.obs
758  msi.MsiRecordGetInteger                            iswi.obl(RedirectedMsiFuncsConv.obs)
759  msi.MsiRecordGetStringA                            Setup.obs
760  msi.MsiRecordReadStream                            iswi.obl(RedirectedMsiFuncsConv.obs)
761  msi.MsiRecordSetStringA                            Setup.obs
762  msi.MsiSetPropertyA                                Setup.obs
763  msi.MsiSetTargetPathA                              Setup.obs
764  msi.MsiViewClose                                   iswi.obl(RedirectedMsiFuncsConv.obs)
765  msi.MsiViewExecute                                 iswi.obl(RedirectedMsiFuncsConv.obs)
766  msi.MsiViewFetch                                   iswi.obl(RedirectedMsiFuncsConv.obs)
767  program                                            iswi.obl(DriverConv.obs)
768  sfc.SRSetRestorePoint                              Setup.obs
769  shell32.SHBrowseForFolder                          Setup.obs
770  shell32.SHGetPathFromIDList                        Setup.obs


***** External Variables *****
1    ADDREMOVE                                          iswi.obl(SysVarsConv.obs)
2    ADDREMOVE_COMBINEDBUTTON                           Setup.obs
3    ADDREMOVE_HIDECHANGEOPTION                         Setup.obs
4    ADDREMOVE_HIDEREMOVEOPTION                         Setup.obs
5    ADDREMOVE_HIDEREPAIROPTION                         Setup.obs
6    ADDREMOVE_STRING_REMOVEONLY                        Setup.obs
7    ADDREMOVE_SYSTEMCOMPONENT                          Setup.obs
8    ADMINUSER                                          Setup.obs
9    ALLUSERS                                           Setup.obs
10   AdminToolsFolder                                   iswi.obl(DebugSymbolsConv.obs)
11   AppDataFolder                                      iswi.obl(DebugSymbolsConv.obs)
12   BASICMSI                                           iswi.obl(SysVarsConv.obs)
13   BATCH_INSTALL                                      Setup.obs
14   BrowseInfo                                         Setup.obs
15   CMDLINE                                            iswi.obl(SysVarsConv.obs)
16   COMMONFILES                                        iswi.obl(SysVarsConv.obs)
17   COMMONFILES64                                      iswi.obl(SysVarsConv.obs)
18   CommonAppDataFolder                                iswi.obl(DebugSymbolsConv.obs)
19   CommonFiles64Folder                                iswi.obl(DebugSymbolsConv.obs)
20   CommonFilesFolder                                  iswi.obl(DebugSymbolsConv.obs)
21   DISABLE_ALLUSERBTN                                 Setup.obs
22   DISABLE_PERUSERBTN                                 Setup.obs
23   DISK1SETUPEXENAME                                  iswi.obl(SysVarsConv.obs)
24   DISK1TARGET                                        Setup.obs
25   DesktopFolder                                      iswi.obl(DebugSymbolsConv.obs)
26   ENABLED_ISERVICES                                  iswi.obl(SysVarsConv.obs)
27   ENGINECOMMONDIR                                    iswi.obl(SysVarsConv.obs)
28   ENGINEDIR                                          iswi.obl(SysVarsConv.obs)
29   ERRORFILENAME                                      Setup.obs
30   ERRORINFO                                          iswi.obl(ComponentConv.obs)
31   Err                                                Setup.obs
32   FEATURE                                            iswi.obl(ComponentConv.obs)
33   FILEERROR                                          iswi.obl(ComponentConv.obs)
34   FILETIME                                           Setup.obs
35   FIND_DATA                                          Setup.obs
36   FOLDER_APPDATA                                     iswi.obl(SysVarsConv.obs)
37   FOLDER_COMMON_APPDATA                              iswi.obl(SysVarsConv.obs)
38   FOLDER_DESKTOP                                     iswi.obl(SysVarsConv.obs)
39   FOLDER_DOTNET_10                                   iswi.obl(SysVarsConv.obs)
40   FOLDER_DOTNET_11                                   iswi.obl(SysVarsConv.obs)
41   FOLDER_DOTNET_20                                   iswi.obl(SysVarsConv.obs)
42   FOLDER_DOTNET_30                                   iswi.obl(SysVarsConv.obs)
43   FOLDER_DOTNET_35                                   iswi.obl(SysVarsConv.obs)
44   FOLDER_FONTS                                       iswi.obl(SysVarsConv.obs)
45   FOLDER_LOCAL_APPDATA                               iswi.obl(SysVarsConv.obs)
46   FOLDER_PERSONAL                                    iswi.obl(SysVarsConv.obs)
47   FOLDER_PROGRAMS                                    iswi.obl(SysVarsConv.obs)
48   FOLDER_STARTMENU                                   iswi.obl(SysVarsConv.obs)
49   FOLDER_STARTUP                                     iswi.obl(SysVarsConv.obs)
50   FOLDER_TEMP                                        iswi.obl(SysVarsConv.obs)
51   FavoritesFolder                                    iswi.obl(DebugSymbolsConv.obs)
52   FileRegistrar                                      Setup.obs
53   FontsFolder                                        iswi.obl(DebugSymbolsConv.obs)
54   HIDE_DISABLED_BTNS                                 Setup.obs
55   HKEYCURRENTROOTKEY                                 Setup.obs
56   IFX_COMPANY_NAME                                   Setup.obs
57   IFX_INSTALLED_DISPLAY_VERSION                      Setup.obs
58   IFX_INSTALLED_VERSION                              Setup.obs
59   IFX_KEYPATH_PRODUCT_INFO                           Setup.obs
60   IFX_MULTI_INSTANCE_SUFFIX                          Setup.obs
61   IFX_NETAPI_GROUP                                   Setup.obs
62   IFX_NETAPI_PASSWORD                                Setup.obs
63   IFX_NETAPI_USER_ACCOUNT                            Setup.obs
64   IFX_OPEN_RESTORE_POINT                             isrt.obl(PCRestore.obs)
65   IFX_PRODUCT_COMMENTS                               Setup.obs
66   IFX_PRODUCT_DISPLAY_NAME                           Setup.obs
67   IFX_PRODUCT_DISPLAY_VERSION                        Setup.obs
68   IFX_PRODUCT_ICON                                   Setup.obs
69   IFX_PRODUCT_KEY                                    Setup.obs
70   IFX_PRODUCT_NAME                                   Setup.obs
71   IFX_PRODUCT_README                                 Setup.obs
72   IFX_PRODUCT_REGISTEREDCOMPANY                      Setup.obs
73   IFX_PRODUCT_REGISTEREDOWNER                        Setup.obs
74   IFX_PRODUCT_REGISTEREDSERIALNUM                    Setup.obs
75   IFX_PRODUCT_SUPPORT_CONTACT                        Setup.obs
76   IFX_PRODUCT_SUPPORT_PHONE                          Setup.obs
77   IFX_PRODUCT_SUPPORT_URL                            Setup.obs
78   IFX_PRODUCT_UPDATE_URL                             Setup.obs
79   IFX_PRODUCT_URL                                    Setup.obs
80   IFX_PRODUCT_VERSION                                Setup.obs
81   IFX_RESTORE_DISABLED                               isrt.obl(PCRestore.obs)
82   IFX_SETUP_TITLE                                    Setup.obs
83   IFX_SUPPORTED_VERSIONS                             Setup.obs
84   IISROOTFOLDER                                      iswi.obl(SysVarsConv.obs)
85   INSTALLDIR                                         Setup.obs
86   INSTALLSCRIPTMSI                                   iswi.obl(SysVarsConv.obs)
87   INSTALLSCRIPTMSIEEUI                               iswi.obl(SysVarsConv.obs)
88   INSTANCE_GUID                                      iswi.obl(SysVarsConv.obs)
89   ISDIFXAPPID                                        Setup.obs
90   ISMSI_HANDLE                                       iswi.obl(DebugSymbolsConv.obs)
91   ISRES                                              iswi.obl(SysVarsConv.obs)
92   ISUSER                                             iswi.obl(SysVarsConv.obs)
93   ISUTIL_FUNCTION_ACTUAL_ERROR                       Setup.obs
94   ISUTIL_FUNCTION_ERROR                              iswi.obl(CompHelperFuncs.obs)
95   ISUTIL_LINE_NUMBER                                 Setup.obs
96   ISUTIL_POSITIVE_ERROR                              iswi.obl(CompHelperFuncs.obs)
97   ISUTIL_SCRIPT_FILE                                 Setup.obs
98   ISVERSION                                          iswi.obl(SysVarsConv.obs)
99   IS_NULLSTR_PTR                                     Setup.obs
100  LAAW_PARAMETERS                                    Setup.obs
101  LAAW_PROCESS_INFORMATION                           Setup.obs
102  LAAW_SHELLEXECUTEINFO                              Setup.obs
103  LAAW_SHELLEXECUTEVERB                              Setup.obs
104  LAAW_STARTUPINFO                                   Setup.obs
105  LAST_RESULT                                        Setup.obs
106  LVITEM                                             Setup.obs
107  LV_COLUMN                                          Setup.obs
108  LocalAppDataFolder                                 iswi.obl(DebugSymbolsConv.obs)
109  LogDB                                              Setup.obs
110  MAINTENANCE                                        iswi.obl(SysVarsConv.obs)
111  MAINT_OPTION                                       iswi.obl(SysVarsConv.obs)
112  MEDIA                                              Setup.obs
113  MEDIA_INFO                                         iswi.obl(FeatureConv.obs)
114  MODE                                               Setup.obs
115  MSG                                                Setup.obs
116  MULTI_INSTANCE_COUNT                               iswi.obl(SysVarsConv.obs)
117  MainWindow                                         Setup.obs
118  MyPicturesFolder                                   iswi.obl(DebugSymbolsConv.obs)
119  NOTHING                                            Setup.obs
120  NetHoodFolder                                      iswi.obl(DebugSymbolsConv.obs)
121  OSINFO_PLATFORM_INFO                               Setup.obs
122  OSINFO_PROCESSOR_INFO                              Setup.obs
123  OSVERSIONINFO                                      Setup.obs
124  OSVERSIONINFOEX                                    Setup.obs
125  Objects                                            Setup.obs
126  OriginalDatabase                                   iswi.obl(DebugSymbolsConv.obs)
127  PACKAGE_LOCATION                                   iswi.obl(SysVarsConv.obs)
128  PATCH                                              iswi.obl(DebugSymbolsConv.obs)
129  POINT                                              Setup.obs
130  PRIVILEGED                                         Setup.obs
131  PROCESS_INFORMATION                                Setup.obs
132  PRODUCT_GUID                                       iswi.obl(SysVarsConv.obs)
133  PROGRAMFILES                                       iswi.obl(SysVarsConv.obs)
134  PROGRAMFILES64                                     iswi.obl(SysVarsConv.obs)
135  PersonalFolder                                     iswi.obl(DebugSymbolsConv.obs)
136  PrintHoodFolder                                    iswi.obl(DebugSymbolsConv.obs)
137  ProgramFiles64Folder                               iswi.obl(DebugSymbolsConv.obs)
138  ProgramFilesFolder                                 iswi.obl(DebugSymbolsConv.obs)
139  ProgramMenuFolder                                  iswi.obl(DebugSymbolsConv.obs)
140  RECT                                               Setup.obs
141  REGDB_OPTIONS                                      Setup.obs
142  REINSTALLMODE                                      iswi.obl(SysVarsConv.obs)
143  REMOVEALLMODE                                      iswi.obl(SysVarsConv.obs)
144  REMOVEONLY                                         iswi.obl(SysVarsConv.obs)
145  RUN_ONCE_PROGRAM                                   iswi.obl(SysVarsConv.obs)
146  Reboot                                             Setup.obs
147  RecentFolder                                       iswi.obl(DebugSymbolsConv.obs)
148  SELECTED_LANGUAGE                                  iswi.obl(SysVarsConv.obs)
149  SERVICE_IS_PARAMS                                  Setup.obs
150  SERVICE_IS_STATUS                                  Setup.obs
151  SETUPTYPE_STR_COMPACT                              Setup.obs
152  SETUPTYPE_STR_COMPLETE                             Setup.obs
153  SETUPTYPE_STR_CUSTOM                               Setup.obs
154  SETUPTYPE_STR_TYPICAL                              Setup.obs
155  SHAREDSUPPORTDIR                                   iswi.obl(SysVarsConv.obs)
156  SHELLEXECUTEINFO                                   Setup.obs
157  SHELL_OBJECT_FOLDER                                Setup.obs
158  SHOW_PASSWORD_DIALOG                               iswi.obl(SysVarsConv.obs)
159  SRCDIR                                             Setup.obs
160  SRCDISK                                            iswi.obl(SysVarsConv.obs)
161  STANDARD_SELECTED_LANGUAGE                         iswi.obl(SysVarsConv.obs)
162  STARTUPINFO                                        Setup.obs
163  SUPPORTDIR                                         iswi.obl(SysVarsConv.obs)
164  SYSINFO                                            Setup.obs
165  SYSPROCESSORINFO                                   Setup.obs
166  SYSTEMTIME                                         Setup.obs
167  SendToFolder                                       iswi.obl(DebugSymbolsConv.obs)
168  SetupInfo                                          Setup.obs
169  SourceDir                                          iswi.obl(DebugSymbolsConv.obs)
170  StartMenuFolder                                    iswi.obl(DebugSymbolsConv.obs)
171  StartupFolder                                      iswi.obl(DebugSymbolsConv.obs)
172  StatusDlg                                          Setup.obs
173  System16Folder                                     iswi.obl(DebugSymbolsConv.obs)
174  System64Folder                                     iswi.obl(DebugSymbolsConv.obs)
175  SystemFolder                                       iswi.obl(DebugSymbolsConv.obs)
176  TARGETDIR                                          Setup.obs
177  TARGETDISK                                         iswi.obl(SysVarsConv.obs)
178  TempFolder                                         iswi.obl(DebugSymbolsConv.obs)
179  TemplateFolder                                     iswi.obl(DebugSymbolsConv.obs)
180  TextSub                                            Setup.obs
181  UNINST                                             Setup.obs
182  UNINSTALLKEY                                       Setup.obs
183  UNINSTALL_DISPLAYNAME                              Setup.obs
184  UNINSTALL_STRING                                   Setup.obs
185  UPDATEMODE                                         Setup.obs
186  WINDIR                                             iswi.obl(SysVarsConv.obs)
187  WINDISK                                            iswi.obl(SysVarsConv.obs)
188  WINSYSDIR                                          iswi.obl(SysVarsConv.obs)
189  WINSYSDIR64                                        iswi.obl(SysVarsConv.obs)
190  WINSYSDISK                                         iswi.obl(SysVarsConv.obs)
191  WindowsFolder                                      iswi.obl(DebugSymbolsConv.obs)
192  WindowsVolume                                      iswi.obl(DebugSymbolsConv.obs)
193  _INT64                                             Setup.obs
194  _LAAW_PARAMETERS                                   Setup.obs
195  _LAAW_TEMP_DATA                                    isrt.obl(Extend.obs)
196  _RESTOREPOINTINFO                                  Setup.obs
197  _SAFEARRAY                                         isrt.obl(Misc.obs)
198  _SERVICE_IS_PARAMS                                 Setup.obs
199  _SERVICE_IS_STATUS                                 Setup.obs
200  _STATEMGRSTATUS                                    Setup.obs
201  _VARIANT                                           isrt.obl(Misc.obs)
202  _WIN9X                                             Setup.obs
203  _WINNT                                             Setup.obs
204  __gbAliasingOff                                    iswi.obl(CompHelperFuncs.obs)
205  __gbCheckForUpdate                                 iswi.obl(CompHelperFuncs.obs)
206  __gbGetTarget                                      iswi.obl(CompHelperFuncs.obs)
207  __gbInitialized                                    iswi.obl(CompHelperFuncs.obs)
208  __gbInstallInfo                                    Setup.obs
209  __gbMaintenance                                    iswi.obl(CompHelperFuncs.obs)
210  __gbReopening                                      iswi.obl(CompHelperFuncs.obs)
211  __ghActiveDataBase                                 iswi.obl(CompHelperFuncs.obs)
212  __ghErrFileHandle                                  iswi.obl(CompHelperFuncs.obs)
213  __ghMsiInstall                                     iswi.obl(CompHelperFuncs.obs)
214  __gnButtonSelected                                 iswi.obl(CompHelperFuncs.obs)
215  __gnLastError                                      iswi.obl(CompHelperFuncs.obs)
216  __gnMsiReturn                                      iswi.obl(CompHelperFuncs.obs)
217  __gnOSMask                                         iswi.obl(CompHelperFuncs.obs)
218  __gnScriptMode                                     iswi.obl(CompHelperFuncs.obs)
219  __goISDriver                                       iswi.obl(CompHelperFuncs.obs)
220  __goMsiServer                                      iswi.obl(CompHelperFuncs.obs)
221  __gsINSTALLDIR                                     iswi.obl(CompHelperFuncs.obs)
222  __gsProductGuid                                    iswi.obl(CompHelperFuncs.obs)
223  __gsSourceDir                                      iswi.obl(CompHelperFuncs.obs)
224  __hContext                                         iswi.obl(CompHelperFuncs.obs)
225  __objGlobalTextSub                                 Setup.obs
226  __objStringTable                                   iswi.obl(ISWiInit.obs)
227  __szGUID                                           Setup.obs
228  bBackButton                                        Setup.obs
229  bCancelButton                                      Setup.obs
230  bEnterDiskBeep                                     Setup.obs
231  bFinishButton                                      Setup.obs
232  bInstall16                                         Setup.obs
233  bNextButton                                        Setup.obs
234  bSdInit                                            Setup.obs
235  bViewCmptKunits                                    Setup.obs
236  bViewCmptUseDecimal                                Setup.obs
237  g_bSQLRTInitialized                                Setup.obs
238  g_bSuppressMissingStringWarning                    iswi.obl(DriverConv.obs)
239  g_nDlgAskPath                                      iswi.obl(CompHelperFuncs.obs)
240  nDlgAskYesNo                                       iswi.obl(CompHelperFuncs.obs)
241  nDlgMessageBox                                     iswi.obl(CompHelperFuncs.obs)
242  nDlgSelectDir                                      iswi.obl(CompHelperFuncs.obs)
243  nDlgSprintfBox                                     iswi.obl(CompHelperFuncs.obs)
244  nSdAskDestPath                                     Setup.obs
245  nSdDiskSpaceRequirements                           Setup.obs
246  nSdFinish                                          Setup.obs
247  nSdFinishReboot                                    Setup.obs
248  nSdLicense2                                        Setup.obs
249  nSdLicense2Rtf                                     Setup.obs
250  nSdOutOfDiskSpace                                  Setup.obs
251  nSdPatchWelcome                                    Setup.obs
252  nSdStartCopy                                       Setup.obs
253  nSdWelcome                                         Setup.obs
254  szAppKey                                           Setup.obs
255  szSdProduct                                        Setup.obs
256  szSdStr_NotEnoughSpace                             Setup.obs
